...500 {'DEAD': 339, 'LOCUS': 144, 'S-DEAD': 16}
...1000 {'DEAD': 743, 'LOCUS': 224, 'S-DEAD': 32}
...1500 {'DEAD': 1211, 'LOCUS': 256, 'S-DEAD': 32}
...2000 {'DEAD': 1495, 'LOCUS': 456, 'S-DEAD': 48}
...2500 {'DEAD': 1840, 'LOCUS': 595, 'S-DEAD': 64}
...3000 {'DEAD': 2256, 'LOCUS': 679, 'S-DEAD': 64}
...3500 {'DEAD': 2683, 'LOCUS': 736, 'S-DEAD': 80}
...4000 {'DEAD': 3120, 'LOCUS': 783, 'S-DEAD': 96}
...4500 {'DEAD': 3443, 'LOCUS': 928, 'S-DEAD': 128}
...5000 {'DEAD': 3911, 'LOCUS': 960, 'S-DEAD': 128}
...5500 {'DEAD': 4347, 'LOCUS': 1024, 'S-DEAD': 128}
...6000 {'DEAD': 4607, 'LOCUS': 1232, 'S-DEAD': 160}
...6500 {'DEAD': 4987, 'LOCUS': 1352, 'S-DEAD': 160}
...7000 {'DEAD': 5343, 'LOCUS': 1496, 'S-DEAD': 160}
...7500 {'DEAD': 5803, 'LOCUS': 1504, 'S-DEAD': 192}
...8000 {'DEAD': 6175, 'LOCUS': 1616, 'S-DEAD': 208}
...8500 {'DEAD': 6496, 'LOCUS': 1747, 'S-DEAD': 256}
...9000 {'DEAD': 6887, 'LOCUS': 1824, 'S-DEAD': 288}
...9500 {'DEAD': 7200, 'LOCUS': 1952, 'S-DEAD': 347}
...10000 {'DEAD': 7327, 'LOCUS': 2144, 'S-DEAD': 528}
...10500 {'DEAD': 7664, 'LOCUS': 2275, 'S-DEAD': 560}
...11000 {'DEAD': 7975, 'LOCUS': 2432, 'S-DEAD': 592}
...11500 {'DEAD': 8275, 'LOCUS': 2432, 'S-DEAD': 792}
...12000 {'DEAD': 8623, 'LOCUS': 2560, 'S-DEAD': 816}
...12500 {'DEAD': 9091, 'LOCUS': 2592, 'S-DEAD': 816}
...13000 {'DEAD': 9511, 'LOCUS': 2656, 'S-DEAD': 832}
...13500 {'DEAD': 9979, 'LOCUS': 2672, 'S-DEAD': 848}
...14000 {'DEAD': 10303, 'LOCUS': 2816, 'S-DEAD': 880}
...14500 {'DEAD': 10707, 'LOCUS': 2912, 'S-DEAD': 880}
...15000 {'DEAD': 11207, 'LOCUS': 2912, 'S-DEAD': 880}
...15500 {'DEAD': 11664, 'LOCUS': 2923, 'S-DEAD': 912}
...16000 {'DEAD': 12127, 'LOCUS': 2960, 'S-DEAD': 912}
...16500 {'DEAD': 12563, 'LOCUS': 3024, 'S-DEAD': 912}
...17000 {'DEAD': 12983, 'LOCUS': 3088, 'S-DEAD': 928}
...17500 {'DEAD': 13424, 'LOCUS': 3131, 'S-DEAD': 944}
...18000 {'DEAD': 13823, 'LOCUS': 3200, 'S-DEAD': 976}
...18500 {'DEAD': 14256, 'LOCUS': 3267, 'S-DEAD': 976}
...19000 {'DEAD': 14679, 'LOCUS': 3344, 'S-DEAD': 976}
...19500 {'DEAD': 15088, 'LOCUS': 3403, 'S-DEAD': 1008}
...20000 {'DEAD': 15344, 'LOCUS': 3615, 'S-DEAD': 1040}
...20500 {'DEAD': 15616, 'LOCUS': 3811, 'S-DEAD': 1072}
...21000 {'DEAD': 15712, 'LOCUS': 4016, 'S-DEAD': 1271}
...21500 {'DEAD': 15995, 'LOCUS': 4176, 'S-DEAD': 1328}
...22000 {'DEAD': 16199, 'LOCUS': 4440, 'S-DEAD': 1360}
...22500 {'DEAD': 16464, 'LOCUS': 4643, 'S-DEAD': 1392}
...23000 {'DEAD': 16751, 'LOCUS': 4704, 'S-DEAD': 1544}
...23500 {'DEAD': 16987, 'LOCUS': 4880, 'S-DEAD': 1632}
...24000 {'DEAD': 17391, 'LOCUS': 4976, 'S-DEAD': 1632}
...24500 {'DEAD': 17747, 'LOCUS': 5120, 'S-DEAD': 1632}
...25000 {'DEAD': 18087, 'LOCUS': 5248, 'S-DEAD': 1664}
...25500 {'DEAD': 18475, 'LOCUS': 5360, 'S-DEAD': 1664}
...26000 {'DEAD': 18944, 'LOCUS': 5391, 'S-DEAD': 1664}
...26500 {'DEAD': 19203, 'LOCUS': 5600, 'S-DEAD': 1696}
...27000 {'DEAD': 19687, 'LOCUS': 5600, 'S-DEAD': 1712}
...27500 {'DEAD': 20059, 'LOCUS': 5712, 'S-DEAD': 1728}
...28000 {'DEAD': 20424, 'LOCUS': 5847, 'S-DEAD': 1728}
...28500 {'DEAD': 20792, 'LOCUS': 5979, 'S-DEAD': 1728}
...29000 {'DEAD': 21159, 'LOCUS': 6080, 'S-DEAD': 1760}
...29500 {'DEAD': 21611, 'LOCUS': 6128, 'S-DEAD': 1760}
...30000 {'DEAD': 21927, 'LOCUS': 6312, 'S-DEAD': 1760}
...30500 {'DEAD': 22243, 'LOCUS': 6464, 'S-DEAD': 1792}
...31000 {'DEAD': 22703, 'LOCUS': 6472, 'S-DEAD': 1824}
...31500 {'DEAD': 23115, 'LOCUS': 6528, 'S-DEAD': 1856}
...32000 {'DEAD': 23583, 'LOCUS': 6528, 'S-DEAD': 1888}
...32500 {'DEAD': 23984, 'LOCUS': 6528, 'S-DEAD': 1987}
...33000 {'DEAD': 24359, 'LOCUS': 6528, 'S-DEAD': 2112}
...33500 {'DEAD': 24827, 'LOCUS': 6528, 'S-DEAD': 2144}
...34000 {'DEAD': 25232, 'LOCUS': 6528, 'S-DEAD': 2239}
...34500 {'DEAD': 25587, 'LOCUS': 6528, 'S-DEAD': 2384}
...35000 {'DEAD': 26023, 'LOCUS': 6528, 'S-DEAD': 2448}
...35500 {'DEAD': 26371, 'LOCUS': 6664, 'S-DEAD': 2464}
...36000 {'DEAD': 26672, 'LOCUS': 6847, 'S-DEAD': 2480}
FINAL: {'DEAD': 26880, 'LOCUS': 6912, 'S-DEAD': 2496} total=36288
distinct locus signatures: 42
[544] ('locus:[((4, 3, 1), 4*Q**2), ((4, 3, 2), -4*Q**2)]',)
[544] ('locus:[((4, 3, 1), -4*Q**2), ((4, 3, 2), -4*Q**2)]',)
[384] ('locus:[((2, 3, 2), -4*Q**2), ((3, 3, 1), -4*Q**2)]',)
[384] ('locus:[((2, 3, 2), -4*Q**2), ((3, 3, 1), 4*Q**2)]',)
[320] ('locus:[((4, 3, 1), 8*Q**2), ((4, 3, 2), -4*Q**2)]',)
[320] ('locus:[((4, 3, 1), -8*Q**2), ((4, 3, 2), -4*Q**2)]',)
[256] ('locus:[((2, 3, 2), -4*Q**2), ((3, 3, 1), -8*Q**2)]',)
[256] ('locus:[((2, 3, 2), -4*Q**2), ((3, 3, 1), 8*Q**2)]',)
