residual 3305472
(5, 13, 17, 29) done, checks=3305472
(5, 13, 17, 37) done, checks=6610944
(5, 13, 29, 17) done, checks=9916416
(5, 13, 29, 37) done, checks=13221888
(5, 13, 37, 17) done, checks=16527360
(5, 13, 37, 29) done, checks=19832832
(5, 17, 13, 29) done, checks=23138304
(5, 17, 13, 37) done, checks=26443776
(5, 17, 29, 13) done, checks=29749248
(5, 17, 29, 37) done, checks=33054720
(5, 17, 37, 13) done, checks=36360192
(5, 17, 37, 29) done, checks=39665664
(5, 29, 13, 17) done, checks=42971136
(5, 29, 13, 37) done, checks=46276608
(5, 29, 17, 13) done, checks=49582080
(5, 29, 17, 37) done, checks=52887552
(5, 29, 37, 13) done, checks=56193024
(5, 29, 37, 17) done, checks=59498496
(5, 37, 13, 17) done, checks=62803968
(5, 37, 13, 29) done, checks=66109440
(5, 37, 17, 13) done, checks=69414912
(5, 37, 17, 29) done, checks=72720384
(5, 37, 29, 13) done, checks=76025856
(5, 37, 29, 17) done, checks=79331328
(13, 5, 17, 29) done, checks=82636800
(13, 5, 17, 37) done, checks=85942272
(13, 5, 29, 17) done, checks=89247744
(13, 5, 29, 37) done, checks=92553216
(13, 5, 37, 17) done, checks=95858688
(13, 5, 37, 29) done, checks=99164160
(13, 17, 5, 29) done, checks=102469632
(13, 17, 5, 37) done, checks=105775104
(13, 17, 29, 5) done, checks=109080576
(13, 17, 29, 37) done, checks=112386048
(13, 17, 37, 5) done, checks=115691520
(13, 17, 37, 29) done, checks=118996992
(13, 29, 5, 17) done, checks=122302464
(13, 29, 5, 37) done, checks=125607936
(13, 29, 17, 5) done, checks=128913408
(13, 29, 17, 37) done, checks=132218880
(13, 29, 37, 5) done, checks=135524352
(13, 29, 37, 17) done, checks=138829824
(13, 37, 5, 17) done, checks=142135296
(13, 37, 5, 29) done, checks=145440768
(13, 37, 17, 5) done, checks=148746240
(13, 37, 17, 29) done, checks=152051712
(13, 37, 29, 5) done, checks=155357184
(13, 37, 29, 17) done, checks=158662656
(17, 5, 13, 29) done, checks=161968128
(17, 5, 13, 37) done, checks=165273600
(17, 5, 29, 13) done, checks=168579072
(17, 5, 29, 37) done, checks=171884544
(17, 5, 37, 13) done, checks=175190016
(17, 5, 37, 29) done, checks=178495488
(17, 13, 5, 29) done, checks=181800960
(17, 13, 5, 37) done, checks=185106432
(17, 13, 29, 5) done, checks=188411904
(17, 13, 29, 37) done, checks=191717376
(17, 13, 37, 5) done, checks=195022848
(17, 13, 37, 29) done, checks=198328320
(17, 29, 5, 13) done, checks=201633792
(17, 29, 5, 37) done, checks=204939264
(17, 29, 13, 5) done, checks=208244736
(17, 29, 13, 37) done, checks=211550208
(17, 29, 37, 5) done, checks=214855680
(17, 29, 37, 13) done, checks=218161152
(17, 37, 5, 13) done, checks=221466624
(17, 37, 5, 29) done, checks=224772096
(17, 37, 13, 5) done, checks=228077568
(17, 37, 13, 29) done, checks=231383040
(17, 37, 29, 5) done, checks=234688512
(17, 37, 29, 13) done, checks=237993984
(29, 5, 13, 17) done, checks=241299456
(29, 5, 13, 37) done, checks=244604928
(29, 5, 17, 13) done, checks=247910400
(29, 5, 17, 37) done, checks=251215872
(29, 5, 37, 13) done, checks=254521344
(29, 5, 37, 17) done, checks=257826816
(29, 13, 5, 17) done, checks=261132288
(29, 13, 5, 37) done, checks=264437760
(29, 13, 17, 5) done, checks=267743232
(29, 13, 17, 37) done, checks=271048704
(29, 13, 37, 5) done, checks=274354176
(29, 13, 37, 17) done, checks=277659648
(29, 17, 5, 13) done, checks=280965120
(29, 17, 5, 37) done, checks=284270592
(29, 17, 13, 5) done, checks=287576064
(29, 17, 13, 37) done, checks=290881536
(29, 17, 37, 5) done, checks=294187008
(29, 17, 37, 13) done, checks=297492480
(29, 37, 5, 13) done, checks=300797952
(29, 37, 5, 17) done, checks=304103424
(29, 37, 13, 5) done, checks=307408896
(29, 37, 13, 17) done, checks=310714368
(29, 37, 17, 5) done, checks=314019840
(29, 37, 17, 13) done, checks=317325312
(37, 5, 13, 17) done, checks=320630784
(37, 5, 13, 29) done, checks=323936256
(37, 5, 17, 13) done, checks=327241728
(37, 5, 17, 29) done, checks=330547200
(37, 5, 29, 13) done, checks=333852672
(37, 5, 29, 17) done, checks=337158144
(37, 13, 5, 17) done, checks=340463616
(37, 13, 5, 29) done, checks=343769088
(37, 13, 17, 5) done, checks=347074560
(37, 13, 17, 29) done, checks=350380032
(37, 13, 29, 5) done, checks=353685504
(37, 13, 29, 17) done, checks=356990976
(37, 17, 5, 13) done, checks=360296448
(37, 17, 5, 29) done, checks=363601920
(37, 17, 13, 5) done, checks=366907392
(37, 17, 13, 29) done, checks=370212864
(37, 17, 29, 5) done, checks=373518336
(37, 17, 29, 13) done, checks=376823808
(37, 29, 5, 13) done, checks=380129280
(37, 29, 5, 17) done, checks=383434752
(37, 29, 13, 5) done, checks=386740224
(37, 29, 13, 17) done, checks=390045696
(37, 29, 17, 5) done, checks=393351168
(37, 29, 17, 13) done, checks=396656640
TOTAL checks 396656640; satisfied: 0
