relations: 600
...20
...40
...60
...80
...100
...120
...140
...160
...180
...200
...220
...240
...260
...280
...300
...320
...340
...360
...380
...400
...420
...440
...460
...480
...500
...520
...540
...560
...580
...600
per-relation side max-core exponent census:
32 ('(1.0, 1.0, 1.0)',)
28 ('(1.0, 0.5, 0.5)',)
28 ('(0.5, 1.0, 0.5)',)
28 ('(0.5, 0.5, 1.0)',)
16 ('(1.5, 1.5, 1.0)',)
16 ('(1.5, 1.0, 1.5)',)
16 ('(1.0, 1.5, 1.5)',)
16 ('(0.5, 1.5, 3.0)',)
16 ('(1.5, 0.5, 3.0)',)
16 ('(0.5, 0.5, 2.0)',)
16 ('(1.5, 1.5, 4.0)',)
16 ('(0.5, 3.0, 1.5)',)
16 ('(0.5, 2.0, 0.5)',)
16 ('(1.5, 3.0, 0.5)',)
16 ('(1.5, 4.0, 1.5)',)
16 ('(2.0, 0.5, 0.5)',)
16 ('(3.0, 0.5, 1.5)',)
16 ('(3.0, 1.5, 0.5)',)
16 ('(4.0, 1.5, 1.5)',)
16 ('(4.0, 4.0, 4.0)',)
