relations: 216
per-relation (pi-side MAX-core exps, chi-side) census:
50 ((0.5,), (0.5,))
30 ((0.5,), (1.0,))
30 ((1.0,), (0.5,))
18 ((1.0,), (1.0,))
12 ((0.5,), (None,))
12 ((None,), (0.5,))
10 ((1.0,), (4.0,))
10 ((4.0,), (1.0,))
8 ((1.0,), (2.0,))
8 ((2.0,), (1.0,))
6 ((2.0,), (4.0,))
6 ((4.0,), (2.0,))
4 ((2.0,), (2.0,))
4 ((4.0,), (0.5,))
4 ((0.5,), (4.0,))
2 ((2.0,), (0.5,))
2 ((0.5,), (2.0,))
closure classes: {'FINITE-CLOSED': 110, 'WEDGE': 64, 'one-zero-reduction': 24, 'BAND(Pell)': 18}
